#-----------------------------------------------------------
# xsim v2024.2 (64-bit)
# SW Build 5239630 on Fri Nov 08 22:34:34 MST 2024
# IP Build 5239520 on Sun Nov 10 16:12:51 MST 2024
# SharedData Build 5239561 on Fri Nov 08 14:39:27 MST 2024
# Start of session at: Tue Apr 14 14:37:21 2026
# Process ID         : 202221
# Current directory  : /home/xiaorang/Documents/HiSEP-Q-2.0/qvproc_prj/tb/quantum_cases/dispatcher_sim
# Command line       : xsim -mode tcl -source {xsim.dir/quantum_dispatcher_tb_sim/xsim_script.tcl}
# Log file           : /home/xiaorang/Documents/HiSEP-Q-2.0/qvproc_prj/tb/quantum_cases/dispatcher_sim/xsim.log
# Journal file       : /home/xiaorang/Documents/HiSEP-Q-2.0/qvproc_prj/tb/quantum_cases/dispatcher_sim/xsim.jou
# Running On         : xiaorang-MSI
# Platform           : Ubuntu
# Operating System   : Ubuntu 22.04.5 LTS
# Processor Detail   : AMD Ryzen 7 7800X3D 8-Core Processor
# CPU Frequency      : 5050.132 MHz
# CPU Physical cores : 8
# CPU Logical cores  : 16
# Host memory        : 32757 MB
# Swap memory        : 32767 MB
# Total Virtual      : 65525 MB
# Available Virtual  : 52286 MB
#-----------------------------------------------------------
source xsim.dir/quantum_dispatcher_tb_sim/xsim_script.tcl
# xsim {quantum_dispatcher_tb_sim} -autoloadwcfg -runall
Time resolution is 1 ps
run -all
[TB] --- Case 1: QV.SINGLE qubits=[2,5] gate=0x10 block_imm=0 ---
[TB]   base=11  dispatch_time=19
[PASS][t=19] Case1  qubit 2 gate=0x10 OK
[PASS][t=19] Case1  qubit 5 gate=0x10 OK
[QDISP][t=19] qubit 2 fires  gate=0x10
[QDISP][t=19] qubit 5 fires  gate=0x10
[TB] --- Case 2: QV.SINGLE qubits=[0,3] gate=0x20 block_imm=6 ---
[TB]   base=31  dispatch_time=37
[PASS][t=37] Case2  qubit 0 gate=0x20 OK
[PASS][t=37] Case2  qubit 3 gate=0x20 OK
[QDISP][t=37] qubit 0 fires  gate=0x20
[QDISP][t=37] qubit 3 fires  gate=0x20
[TB] --- Case 3: QV.PAIR tgt=1 src=4 gate=0x30 block_imm=0 ---
[TB]   base=51  dispatch_time=59
[PASS][t=59] Case3  qubit 1 gate=0x30 OK
[PASS][t=59] Case3  qubit 4 gate=0x30 OK
[QDISP][t=59] qubit 1 fires  gate=0x30
[QDISP][t=59] qubit 4 fires  gate=0x30
[TB] --- DONE: 6 passed, 0 failed ---
$finish called at time : 705 ns : File "/home/xiaorang/Documents/HiSEP-Q-2.0/qvproc_prj/tb/quantum_cases/quantum_dispatcher_tb.v" Line 299
exit
INFO: [Common 17-206] Exiting xsim at Tue Apr 14 14:37:23 2026...
