#-----------------------------------------------------------
# xsim v2024.2 (64-bit)
# SW Build 5239630 on Fri Nov 08 22:34:34 MST 2024
# IP Build 5239520 on Sun Nov 10 16:12:51 MST 2024
# SharedData Build 5239561 on Fri Nov 08 14:39:27 MST 2024
# Start of session at: Tue Apr 14 14:37:21 2026
# Process ID         : 202221
# Current directory  : /home/xiaorang/Documents/HiSEP-Q-2.0/qvproc_prj/tb/quantum_cases/dispatcher_sim
# Command line       : xsim -mode tcl -source {xsim.dir/quantum_dispatcher_tb_sim/xsim_script.tcl}
# Log file           : /home/xiaorang/Documents/HiSEP-Q-2.0/qvproc_prj/tb/quantum_cases/dispatcher_sim/xsim.log
# Journal file       : /home/xiaorang/Documents/HiSEP-Q-2.0/qvproc_prj/tb/quantum_cases/dispatcher_sim/xsim.jou
# Running On         : xiaorang-MSI
# Platform           : Ubuntu
# Operating System   : Ubuntu 22.04.5 LTS
# Processor Detail   : AMD Ryzen 7 7800X3D 8-Core Processor
# CPU Frequency      : 5050.132 MHz
# CPU Physical cores : 8
# CPU Logical cores  : 16
# Host memory        : 32757 MB
# Swap memory        : 32767 MB
# Total Virtual      : 65525 MB
# Available Virtual  : 52286 MB
#-----------------------------------------------------------
source xsim.dir/quantum_dispatcher_tb_sim/xsim_script.tcl
run -all
