#-----------------------------------------------------------
# xsim v2024.2 (64-bit)
# SW Build 5239630 on Fri Nov 08 22:34:34 MST 2024
# IP Build 5239520 on Sun Nov 10 16:12:51 MST 2024
# SharedData Build 5239561 on Fri Nov 08 14:39:27 MST 2024
# Start of session at: Tue Apr 14 14:03:16 2026
# Process ID         : 197542
# Current directory  : /home/xiaorang/Documents/HiSEP-Q-2.0/qvproc_prj/tb/quantum_cases/dispatcher_sim
# Command line       : xsim -mode tcl -source {xsim.dir/quantum_dispatcher_tb_sim/xsim_script.tcl}
# Log file           : /home/xiaorang/Documents/HiSEP-Q-2.0/qvproc_prj/tb/quantum_cases/dispatcher_sim/xsim.log
# Journal file       : /home/xiaorang/Documents/HiSEP-Q-2.0/qvproc_prj/tb/quantum_cases/dispatcher_sim/xsim.jou
# Running On         : xiaorang-MSI
# Platform           : Ubuntu
# Operating System   : Ubuntu 22.04.5 LTS
# Processor Detail   : AMD Ryzen 7 7800X3D 8-Core Processor
# CPU Frequency      : 5050.357 MHz
# CPU Physical cores : 8
# CPU Logical cores  : 16
# Host memory        : 32757 MB
# Swap memory        : 32767 MB
# Total Virtual      : 65525 MB
# Available Virtual  : 52592 MB
#-----------------------------------------------------------
source xsim.dir/quantum_dispatcher_tb_sim/xsim_script.tcl
# xsim {quantum_dispatcher_tb_sim} -autoloadwcfg -runall
Time resolution is 1 ps
run -all
[TB] Case 1 QV.SINGLE qubits=[2,5] gate=0x10 block_imm=0
[TB]   base_time=10  dispatch_time=18
[FAIL][t=17] valid_o=00000000 expected=00100100
[QDISP][t=18] qubit 2 fires  gate=0x10
[QDISP][t=18] qubit 5 fires  gate=0x10
[TB] Case 2 QV.SINGLE qubits=[0,3] gate=0x20 block_imm=6
[TB]   base_time=30  dispatch_time=36
[FAIL][t=35] valid_o=00000000 expected=00001001
[QDISP][t=36] qubit 0 fires  gate=0x20
[QDISP][t=36] qubit 3 fires  gate=0x20
[TB] Case 3 QV.PAIR tgt=1 src=4 gate=0x30 block_imm=0
[TB]   base_time=50  dispatch_time=58
[FAIL][t=57] valid_o=00000000 expected=00010010
[QDISP][t=58] qubit 1 fires  gate=0x30
[QDISP][t=58] qubit 4 fires  gate=0x30
[TB] Simulation complete at t_cnt=62
$finish called at time : 675 ns : File "/home/xiaorang/Documents/HiSEP-Q-2.0/qvproc_prj/tb/quantum_cases/quantum_dispatcher_tb.v" Line 308
exit
INFO: [Common 17-206] Exiting xsim at Tue Apr 14 14:03:18 2026...
