#-----------------------------------------------------------
# Vivado v2024.2 (64-bit)
# SW Build 5239630 on Fri Nov 08 22:34:34 MST 2024
# IP Build 5239520 on Sun Nov 10 16:12:51 MST 2024
# SharedData Build 5239561 on Fri Nov 08 14:39:27 MST 2024
# Start of session at: Fri Apr 24 22:50:29 2026
# Process ID         : 1581887
# Current directory  : /u/home/qink/Desktop/caps_hisep_q_2/HiSEP-Q-2.0/qvproc_prj
# Command line       : vivado -mode batch -source rebuild_project.tcl
# Log file           : /u/home/qink/Desktop/caps_hisep_q_2/HiSEP-Q-2.0/qvproc_prj/vivado.log
# Journal file       : /u/home/qink/Desktop/caps_hisep_q_2/HiSEP-Q-2.0/qvproc_prj/vivado.jou
# Running On         : i10se26
# Platform           : Ubuntu
# Operating System   : Ubuntu 24.04.4 LTS
# Processor Detail   : AMD EPYC 9754 128-Core Processor
# CPU Frequency      : 3092.526 MHz
# CPU Physical cores : 128
# CPU Logical cores  : 256
# Host memory        : 1216550 MB
# Swap memory        : 8589 MB
# Total Virtual      : 1225140 MB
# Available Virtual  : 1195224 MB
#-----------------------------------------------------------
source rebuild_project.tcl
