#-----------------------------------------------------------
# Vivado v2024.2 (64-bit)
# SW Build 5239630 on Fri Nov 08 22:34:34 MST 2024
# IP Build 5239520 on Sun Nov 10 16:12:51 MST 2024
# SharedData Build 5239561 on Fri Nov 08 14:39:27 MST 2024
# Start of session at: Fri Apr 24 22:55:45 2026
# Process ID         : 1583630
# Current directory  : /u/home/qink/Desktop/caps_hisep_q_2/HiSEP-Q-2.0/qvproc_prj
# Command line       : vivado -mode batch -source tb/quantum_cases/run_quantum_case_batch.tcl
# Log file           : /u/home/qink/Desktop/caps_hisep_q_2/HiSEP-Q-2.0/qvproc_prj/vivado.log
# Journal file       : /u/home/qink/Desktop/caps_hisep_q_2/HiSEP-Q-2.0/qvproc_prj/vivado.jou
# Running On         : i10se26
# Platform           : Ubuntu
# Operating System   : Ubuntu 24.04.4 LTS
# Processor Detail   : AMD EPYC 9754 128-Core Processor
# CPU Frequency      : 1500.000 MHz
# CPU Physical cores : 128
# CPU Logical cores  : 256
# Host memory        : 1216550 MB
# Swap memory        : 8589 MB
# Total Virtual      : 1225140 MB
# Available Virtual  : 1195267 MB
#-----------------------------------------------------------
source tb/quantum_cases/run_quantum_case_batch.tcl
# set script_dir [file normalize [file dirname [info script]]]
# set project_candidates [list \
#   [file normalize [file join $script_dir .. .. qvproc qvproc.xpr]] \
#   [file normalize [file join $script_dir .. .. build qvproc qvproc.xpr]] \
# ]
# set project_path ""
# foreach candidate $project_candidates {
#   if {[file exists $candidate]} {
#     set project_path $candidate
#     break
#   }
# }
# if {$project_path eq ""} {
#   puts "ERROR: Could not find qvproc.xpr. Expected one of:"
#   foreach candidate $project_candidates {
#     puts "  $candidate"
#   }
#   exit 1
# }
# set quantum_root $script_dir
# if {[info exists ::env(QUANTUM_CASE)]} {
#   set quantum_case $::env(QUANTUM_CASE)
# } else {
#   set quantum_case "qpr"
# }
# set valid_cases {qsg qpr qrg qrv bell}
# if {[lsearch -exact $valid_cases $quantum_case] < 0} {
#   puts "ERROR: QUANTUM_CASE must be one of: qsg qpr qrg qrv bell"
#   exit 1
# }
# set tb_file [file normalize [file join $quantum_root "vproc_${quantum_case}_tb.v"]]
# set instr_file [file normalize [file join $quantum_root "instruction_${quantum_case}.mem"]]
# set data_file [file normalize [file join $quantum_root "data_${quantum_case}.mem"]]
# if {[info exists ::env(QUANTUM_INSTR_FILE)] && ($::env(QUANTUM_INSTR_FILE) ne "")} {
#   set instr_file [file normalize $::env(QUANTUM_INSTR_FILE)]
# }
# if {[info exists ::env(QUANTUM_DATA_FILE)] && ($::env(QUANTUM_DATA_FILE) ne "")} {
#   set data_file [file normalize $::env(QUANTUM_DATA_FILE)]
# }
# set tb_top "vproc_${quantum_case}_tb"
# open_project $project_path
INFO: [filemgmt 56-3] Default IP Output Path : Could not find the directory '/u/home/qink/Desktop/caps_hisep_q_2/HiSEP-Q-2.0/qvproc_prj/build/qvproc/qvproc.gen/sources_1'.
Scanning sources...
Finished scanning sources
# set simset [get_filesets sim_1]
# set_property -name {xsim.elaborate.xelab.more_options} -value {} -objects $simset
# foreach f [list $tb_file $instr_file $data_file] {
#   if {[llength [get_files -quiet $f]] == 0} {
#     add_files -fileset sim_1 -norecurse $f
#   }
# }
# set_property top $tb_top $simset
# set_property top_lib xil_defaultlib $simset
# set_property -name {xsim.simulate.xsim.more_options} \
#   -value [format {-testplusarg INSTR_MEM_FILE=%s -testplusarg DATA_MEM_FILE=%s} $instr_file $data_file] \
#   -objects $simset
# update_compile_order -fileset sim_1
# puts "== Quantum batch simulation =="
== Quantum batch simulation ==
# puts [format "project : %s" $project_path]
project : /u/home/qink/Desktop/caps_hisep_q_2/HiSEP-Q-2.0/qvproc_prj/build/qvproc/qvproc.xpr
# puts [format "case    : %s" $quantum_case]
case    : qsg
# puts [format "top     : %s" $tb_top]
top     : vproc_qsg_tb
# puts [format "instr   : %s" $instr_file]
instr   : /u/home/qink/Desktop/caps_hisep_q_2/HiSEP-Q-2.0/qvproc_prj/tb/quantum_cases/instruction_qsg.mem
# puts [format "data    : %s" $data_file]
data    : /u/home/qink/Desktop/caps_hisep_q_2/HiSEP-Q-2.0/qvproc_prj/tb/quantum_cases/data_qsg.mem
# close_sim -quiet
# reset_simulation
# if {[catch {launch_simulation} sim_err]} {
#   puts "ERROR: launch_simulation failed"
#   puts $sim_err
#   close_project
#   exit 1
# }
Command: launch_simulation 
INFO: [Vivado 12-12493] Simulation top is 'vproc_qsg_tb'
INFO: [Vivado 12-5682] Launching behavioral simulation in '/u/home/qink/Desktop/caps_hisep_q_2/HiSEP-Q-2.0/qvproc_prj/build/qvproc/qvproc.sim/sim_1/behav/xsim'
INFO: [SIM-utils-51] Simulation object is 'sim_1'
INFO: [SIM-utils-72] Using boost library from '/opt/xilinx/vivado-2024.2/Vivado/2024.2/tps/boost_1_72_0'
INFO: [SIM-utils-54] Inspecting design source files for 'vproc_qsg_tb' in fileset 'sim_1'...
INFO: [SIM-utils-43] Exported '/u/home/qink/Desktop/caps_hisep_q_2/HiSEP-Q-2.0/qvproc_prj/build/qvproc/qvproc.sim/sim_1/behav/xsim/instruction_qpr.mem'
INFO: [SIM-utils-43] Exported '/u/home/qink/Desktop/caps_hisep_q_2/HiSEP-Q-2.0/qvproc_prj/build/qvproc/qvproc.sim/sim_1/behav/xsim/data_qpr.mem'
INFO: [SIM-utils-43] Exported '/u/home/qink/Desktop/caps_hisep_q_2/HiSEP-Q-2.0/qvproc_prj/build/qvproc/qvproc.sim/sim_1/behav/xsim/instruction_qsg.mem'
INFO: [SIM-utils-43] Exported '/u/home/qink/Desktop/caps_hisep_q_2/HiSEP-Q-2.0/qvproc_prj/build/qvproc/qvproc.sim/sim_1/behav/xsim/data_qsg.mem'
INFO: [SIM-utils-43] Exported '/u/home/qink/Desktop/caps_hisep_q_2/HiSEP-Q-2.0/qvproc_prj/build/qvproc/qvproc.sim/sim_1/behav/xsim/instruction_qrv.mem'
INFO: [SIM-utils-43] Exported '/u/home/qink/Desktop/caps_hisep_q_2/HiSEP-Q-2.0/qvproc_prj/build/qvproc/qvproc.sim/sim_1/behav/xsim/data_qrv.mem'
INFO: [SIM-utils-43] Exported '/u/home/qink/Desktop/caps_hisep_q_2/HiSEP-Q-2.0/qvproc_prj/build/qvproc/qvproc.sim/sim_1/behav/xsim/instruction_qrg.mem'
INFO: [SIM-utils-43] Exported '/u/home/qink/Desktop/caps_hisep_q_2/HiSEP-Q-2.0/qvproc_prj/build/qvproc/qvproc.sim/sim_1/behav/xsim/data_qrg.mem'
INFO: [SIM-utils-43] Exported '/u/home/qink/Desktop/caps_hisep_q_2/HiSEP-Q-2.0/qvproc_prj/build/qvproc/qvproc.sim/sim_1/behav/xsim/instruction_qpr.mem'
INFO: [SIM-utils-43] Exported '/u/home/qink/Desktop/caps_hisep_q_2/HiSEP-Q-2.0/qvproc_prj/build/qvproc/qvproc.sim/sim_1/behav/xsim/data_qpr.mem'
INFO: [SIM-utils-43] Exported '/u/home/qink/Desktop/caps_hisep_q_2/HiSEP-Q-2.0/qvproc_prj/build/qvproc/qvproc.sim/sim_1/behav/xsim/instruction_qsg.mem'
INFO: [SIM-utils-43] Exported '/u/home/qink/Desktop/caps_hisep_q_2/HiSEP-Q-2.0/qvproc_prj/build/qvproc/qvproc.sim/sim_1/behav/xsim/data_qsg.mem'
INFO: [SIM-utils-43] Exported '/u/home/qink/Desktop/caps_hisep_q_2/HiSEP-Q-2.0/qvproc_prj/build/qvproc/qvproc.sim/sim_1/behav/xsim/instruction_qrv.mem'
INFO: [SIM-utils-43] Exported '/u/home/qink/Desktop/caps_hisep_q_2/HiSEP-Q-2.0/qvproc_prj/build/qvproc/qvproc.sim/sim_1/behav/xsim/data_qrv.mem'
INFO: [SIM-utils-43] Exported '/u/home/qink/Desktop/caps_hisep_q_2/HiSEP-Q-2.0/qvproc_prj/build/qvproc/qvproc.sim/sim_1/behav/xsim/instruction_qrg.mem'
INFO: [SIM-utils-43] Exported '/u/home/qink/Desktop/caps_hisep_q_2/HiSEP-Q-2.0/qvproc_prj/build/qvproc/qvproc.sim/sim_1/behav/xsim/data_qrg.mem'
INFO: [USF-XSim-97] Finding global include files...
INFO: [USF-XSim-98] Fetching design files from 'sim_1'...
INFO: [USF-XSim-2] XSim::Compile design
INFO: [USF-XSim-61] Executing 'COMPILE and ANALYZE' step in '/u/home/qink/Desktop/caps_hisep_q_2/HiSEP-Q-2.0/qvproc_prj/build/qvproc/qvproc.sim/sim_1/behav/xsim'
xvlog --incr --relax -L uvm -prj vproc_qsg_tb_vlog.prj
INFO: [VRFC 10-2263] Analyzing Verilog file "/u/home/qink/Desktop/caps_hisep_q_2/HiSEP-Q-2.0/qvproc_prj/core/ibex/syn/rtl/prim_clock_gating.v" into library xil_defaultlib
INFO: [VRFC 10-311] analyzing module prim_clock_gating
INFO: [VRFC 10-2263] Analyzing SystemVerilog file "/u/home/qink/Desktop/caps_hisep_q_2/HiSEP-Q-2.0/qvproc_prj/core/ibex/rtl/ibex_pkg.sv" into library xil_defaultlib
INFO: [VRFC 10-2263] Analyzing SystemVerilog file "/u/home/qink/Desktop/caps_hisep_q_2/HiSEP-Q-2.0/qvproc_prj/core/ibex/rtl/ibex_alu.sv" into library xil_defaultlib
INFO: [VRFC 10-311] analyzing module ibex_alu
INFO: [VRFC 10-2263] Analyzing SystemVerilog file "/u/home/qink/Desktop/caps_hisep_q_2/HiSEP-Q-2.0/qvproc_prj/core/ibex/rtl/ibex_branch_predict.sv" into library xil_defaultlib
INFO: [VRFC 10-311] analyzing module ibex_branch_predict
INFO: [VRFC 10-2263] Analyzing SystemVerilog file "/u/home/qink/Desktop/caps_hisep_q_2/HiSEP-Q-2.0/qvproc_prj/core/ibex/rtl/ibex_compressed_decoder.sv" into library xil_defaultlib
INFO: [VRFC 10-311] analyzing module ibex_compressed_decoder
INFO: [VRFC 10-2263] Analyzing SystemVerilog file "/u/home/qink/Desktop/caps_hisep_q_2/HiSEP-Q-2.0/qvproc_prj/core/ibex/rtl/ibex_controller.sv" into library xil_defaultlib
INFO: [VRFC 10-311] analyzing module ibex_controller
INFO: [VRFC 10-2263] Analyzing SystemVerilog file "/u/home/qink/Desktop/caps_hisep_q_2/HiSEP-Q-2.0/qvproc_prj/core/ibex/rtl/ibex_core.sv" into library xil_defaultlib
INFO: [VRFC 10-311] analyzing module ibex_core
INFO: [VRFC 10-2263] Analyzing SystemVerilog file "/u/home/qink/Desktop/caps_hisep_q_2/HiSEP-Q-2.0/qvproc_prj/core/ibex/rtl/ibex_counter.sv" into library xil_defaultlib
INFO: [VRFC 10-311] analyzing module ibex_counter
INFO: [VRFC 10-2263] Analyzing SystemVerilog file "/u/home/qink/Desktop/caps_hisep_q_2/HiSEP-Q-2.0/qvproc_prj/core/ibex/rtl/ibex_cs_registers.sv" into library xil_defaultlib
INFO: [VRFC 10-311] analyzing module ibex_cs_registers
INFO: [VRFC 10-2263] Analyzing SystemVerilog file "/u/home/qink/Desktop/caps_hisep_q_2/HiSEP-Q-2.0/qvproc_prj/core/ibex/rtl/ibex_csr.sv" into library xil_defaultlib
INFO: [VRFC 10-311] analyzing module ibex_csr
INFO: [VRFC 10-2263] Analyzing SystemVerilog file "/u/home/qink/Desktop/caps_hisep_q_2/HiSEP-Q-2.0/qvproc_prj/core/ibex/rtl/ibex_decoder.sv" into library xil_defaultlib
INFO: [VRFC 10-311] analyzing module ibex_decoder
INFO: [VRFC 10-2263] Analyzing SystemVerilog file "/u/home/qink/Desktop/caps_hisep_q_2/HiSEP-Q-2.0/qvproc_prj/core/ibex/rtl/ibex_dummy_instr.sv" into library xil_defaultlib
INFO: [VRFC 10-311] analyzing module ibex_dummy_instr
INFO: [VRFC 10-2263] Analyzing SystemVerilog file "/u/home/qink/Desktop/caps_hisep_q_2/HiSEP-Q-2.0/qvproc_prj/core/ibex/rtl/ibex_ex_block.sv" into library xil_defaultlib
INFO: [VRFC 10-311] analyzing module ibex_ex_block
INFO: [VRFC 10-2263] Analyzing SystemVerilog file "/u/home/qink/Desktop/caps_hisep_q_2/HiSEP-Q-2.0/qvproc_prj/core/ibex/rtl/ibex_fetch_fifo.sv" into library xil_defaultlib
INFO: [VRFC 10-311] analyzing module ibex_fetch_fifo
INFO: [VRFC 10-2263] Analyzing SystemVerilog file "/u/home/qink/Desktop/caps_hisep_q_2/HiSEP-Q-2.0/qvproc_prj/core/ibex/rtl/ibex_icache.sv" into library xil_defaultlib
INFO: [VRFC 10-311] analyzing module ibex_icache
INFO: [VRFC 10-2263] Analyzing SystemVerilog file "/u/home/qink/Desktop/caps_hisep_q_2/HiSEP-Q-2.0/qvproc_prj/core/ibex/rtl/ibex_id_stage.sv" into library xil_defaultlib
INFO: [VRFC 10-311] analyzing module ibex_id_stage
INFO: [VRFC 10-2263] Analyzing SystemVerilog file "/u/home/qink/Desktop/caps_hisep_q_2/HiSEP-Q-2.0/qvproc_prj/core/ibex/rtl/ibex_if_stage.sv" into library xil_defaultlib
INFO: [VRFC 10-311] analyzing module ibex_if_stage
INFO: [VRFC 10-2263] Analyzing SystemVerilog file "/u/home/qink/Desktop/caps_hisep_q_2/HiSEP-Q-2.0/qvproc_prj/core/ibex/rtl/ibex_load_store_unit.sv" into library xil_defaultlib
INFO: [VRFC 10-311] analyzing module ibex_load_store_unit
INFO: [VRFC 10-2263] Analyzing SystemVerilog file "/u/home/qink/Desktop/caps_hisep_q_2/HiSEP-Q-2.0/qvproc_prj/core/ibex/rtl/ibex_lockstep.sv" into library xil_defaultlib
INFO: [VRFC 10-311] analyzing module ibex_lockstep
INFO: [VRFC 10-2263] Analyzing SystemVerilog file "/u/home/qink/Desktop/caps_hisep_q_2/HiSEP-Q-2.0/qvproc_prj/core/ibex/rtl/ibex_multdiv_fast.sv" into library xil_defaultlib
INFO: [VRFC 10-311] analyzing module ibex_multdiv_fast
INFO: [VRFC 10-2263] Analyzing SystemVerilog file "/u/home/qink/Desktop/caps_hisep_q_2/HiSEP-Q-2.0/qvproc_prj/core/ibex/rtl/ibex_multdiv_slow.sv" into library xil_defaultlib
INFO: [VRFC 10-311] analyzing module ibex_multdiv_slow
INFO: [VRFC 10-2263] Analyzing SystemVerilog file "/u/home/qink/Desktop/caps_hisep_q_2/HiSEP-Q-2.0/qvproc_prj/core/ibex/rtl/ibex_pmp.sv" into library xil_defaultlib
INFO: [VRFC 10-311] analyzing module ibex_pmp
INFO: [VRFC 10-2263] Analyzing SystemVerilog file "/u/home/qink/Desktop/caps_hisep_q_2/HiSEP-Q-2.0/qvproc_prj/core/ibex/rtl/ibex_prefetch_buffer.sv" into library xil_defaultlib
INFO: [VRFC 10-311] analyzing module ibex_prefetch_buffer
INFO: [VRFC 10-2263] Analyzing SystemVerilog file "/u/home/qink/Desktop/caps_hisep_q_2/HiSEP-Q-2.0/qvproc_prj/core/ibex/rtl/ibex_register_file_ff.sv" into library xil_defaultlib
INFO: [VRFC 10-311] analyzing module ibex_register_file_ff
INFO: [VRFC 10-2263] Analyzing SystemVerilog file "/u/home/qink/Desktop/caps_hisep_q_2/HiSEP-Q-2.0/qvproc_prj/core/ibex/rtl/ibex_register_file_fpga.sv" into library xil_defaultlib
INFO: [VRFC 10-311] analyzing module ibex_register_file_fpga
INFO: [VRFC 10-2263] Analyzing SystemVerilog file "/u/home/qink/Desktop/caps_hisep_q_2/HiSEP-Q-2.0/qvproc_prj/core/ibex/ibex_register_file_latch.sv" into library xil_defaultlib
INFO: [VRFC 10-311] analyzing module ibex_register_file_latch
INFO: [VRFC 10-2263] Analyzing SystemVerilog file "/u/home/qink/Desktop/caps_hisep_q_2/HiSEP-Q-2.0/qvproc_prj/core/ibex/vendor/lowrisc_ip/ip/prim/rtl/prim_ram_1p_pkg.sv" into library xil_defaultlib
INFO: [VRFC 10-2263] Analyzing SystemVerilog file "/u/home/qink/Desktop/caps_hisep_q_2/HiSEP-Q-2.0/qvproc_prj/core/ibex/rtl/ibex_top.sv" into library xil_defaultlib
INFO: [VRFC 10-311] analyzing module ibex_top
INFO: [VRFC 10-2263] Analyzing SystemVerilog file "/u/home/qink/Desktop/caps_hisep_q_2/HiSEP-Q-2.0/qvproc_prj/core/ibex/rtl/ibex_wb_stage.sv" into library xil_defaultlib
INFO: [VRFC 10-311] analyzing module ibex_wb_stage
INFO: [VRFC 10-2263] Analyzing SystemVerilog file "/u/home/qink/Desktop/caps_hisep_q_2/HiSEP-Q-2.0/qvproc_prj/core/ibex/prim_buf.sv" into library xil_defaultlib
INFO: [VRFC 10-311] analyzing module prim_buf
INFO: [VRFC 10-2263] Analyzing SystemVerilog file "/u/home/qink/Desktop/caps_hisep_q_2/HiSEP-Q-2.0/qvproc_prj/core/ibex/prim_generic_buf.sv" into library xil_defaultlib
INFO: [VRFC 10-311] analyzing module prim_generic_buf
INFO: [VRFC 10-2263] Analyzing SystemVerilog file "/u/home/qink/Desktop/caps_hisep_q_2/HiSEP-Q-2.0/qvproc_prj/core/ibex/prim_generic_ram_1p.sv" into library xil_defaultlib
INFO: [VRFC 10-311] analyzing module prim_generic_ram_1p
INFO: [VRFC 10-2263] Analyzing SystemVerilog file "/u/home/qink/Desktop/caps_hisep_q_2/HiSEP-Q-2.0/qvproc_prj/core/ibex/prim_ram_1p.sv" into library xil_defaultlib
INFO: [VRFC 10-311] analyzing module prim_ram_1p
INFO: [VRFC 10-2263] Analyzing SystemVerilog file "/u/home/qink/Desktop/caps_hisep_q_2/HiSEP-Q-2.0/qvproc_prj/rtl/vproc_pkg.sv" into library xil_defaultlib
INFO: [VRFC 10-2263] Analyzing SystemVerilog file "/u/home/qink/Desktop/caps_hisep_q_2/HiSEP-Q-2.0/qvproc_prj/rtl/vproc_alu.sv" into library xil_defaultlib
INFO: [VRFC 10-311] analyzing module vproc_alu
INFO: [VRFC 10-2263] Analyzing SystemVerilog file "/u/home/qink/Desktop/caps_hisep_q_2/HiSEP-Q-2.0/qvproc_prj/rtl/vproc_cache.sv" into library xil_defaultlib
INFO: [VRFC 10-311] analyzing module vproc_cache
INFO: [VRFC 10-311] analyzing module vproc_cache_way
INFO: [VRFC 10-2263] Analyzing SystemVerilog file "/u/home/qink/Desktop/caps_hisep_q_2/HiSEP-Q-2.0/qvproc_prj/configs/vproc_config_dual_128_32.sv" into library xil_defaultlib
INFO: [VRFC 10-2263] Analyzing SystemVerilog file "/u/home/qink/Desktop/caps_hisep_q_2/HiSEP-Q-2.0/qvproc_prj/rtl/vproc_core.sv" into library xil_defaultlib
INFO: [VRFC 10-311] analyzing module vproc_core
INFO: [VRFC 10-2263] Analyzing SystemVerilog file "/u/home/qink/Desktop/caps_hisep_q_2/HiSEP-Q-2.0/qvproc_prj/rtl/vproc_decoder.sv" into library xil_defaultlib
INFO: [VRFC 10-311] analyzing module vproc_decoder
INFO: [VRFC 10-2263] Analyzing SystemVerilog file "/u/home/qink/Desktop/caps_hisep_q_2/HiSEP-Q-2.0/qvproc_prj/rtl/vproc_dispatcher.sv" into library xil_defaultlib
INFO: [VRFC 10-311] analyzing module vproc_dispatcher
INFO: [VRFC 10-2263] Analyzing SystemVerilog file "/u/home/qink/Desktop/caps_hisep_q_2/HiSEP-Q-2.0/qvproc_prj/rtl/vproc_elem.sv" into library xil_defaultlib
INFO: [VRFC 10-311] analyzing module vproc_elem
INFO: [VRFC 10-2263] Analyzing SystemVerilog file "/u/home/qink/Desktop/caps_hisep_q_2/HiSEP-Q-2.0/qvproc_prj/rtl/vproc_lsu.sv" into library xil_defaultlib
INFO: [VRFC 10-311] analyzing module vproc_lsu
INFO: [VRFC 10-2263] Analyzing SystemVerilog file "/u/home/qink/Desktop/caps_hisep_q_2/HiSEP-Q-2.0/qvproc_prj/rtl/vproc_mul.sv" into library xil_defaultlib
INFO: [VRFC 10-311] analyzing module vproc_mul
INFO: [VRFC 10-2263] Analyzing SystemVerilog file "/u/home/qink/Desktop/caps_hisep_q_2/HiSEP-Q-2.0/qvproc_prj/rtl/vproc_mul_block.sv" into library xil_defaultlib
INFO: [VRFC 10-311] analyzing module vproc_mul_block
INFO: [VRFC 10-2263] Analyzing SystemVerilog file "/u/home/qink/Desktop/caps_hisep_q_2/HiSEP-Q-2.0/qvproc_prj/rtl/vproc_pending_wr.sv" into library xil_defaultlib
INFO: [VRFC 10-311] analyzing module vproc_pending_wr
INFO: [VRFC 10-2263] Analyzing SystemVerilog file "/u/home/qink/Desktop/caps_hisep_q_2/HiSEP-Q-2.0/qvproc_prj/rtl/vproc_pipeline.sv" into library xil_defaultlib
INFO: [VRFC 10-311] analyzing module vproc_pipeline
INFO: [VRFC 10-2263] Analyzing SystemVerilog file "/u/home/qink/Desktop/caps_hisep_q_2/HiSEP-Q-2.0/qvproc_prj/rtl/vproc_pipeline_wrapper.sv" into library xil_defaultlib
INFO: [VRFC 10-311] analyzing module vproc_pipeline_wrapper
INFO: [VRFC 10-2263] Analyzing SystemVerilog file "/u/home/qink/Desktop/caps_hisep_q_2/HiSEP-Q-2.0/qvproc_prj/rtl/vproc_queue.sv" into library xil_defaultlib
INFO: [VRFC 10-311] analyzing module vproc_queue
INFO: [VRFC 10-2263] Analyzing SystemVerilog file "/u/home/qink/Desktop/caps_hisep_q_2/HiSEP-Q-2.0/qvproc_prj/rtl/vproc_result.sv" into library xil_defaultlib
INFO: [VRFC 10-311] analyzing module vproc_result
INFO: [VRFC 10-2263] Analyzing SystemVerilog file "/u/home/qink/Desktop/caps_hisep_q_2/HiSEP-Q-2.0/qvproc_prj/rtl/vproc_sld.sv" into library xil_defaultlib
INFO: [VRFC 10-311] analyzing module vproc_sld
INFO: [VRFC 10-2263] Analyzing SystemVerilog file "/u/home/qink/Desktop/caps_hisep_q_2/HiSEP-Q-2.0/qvproc_prj/rtl/vproc_top.sv" into library xil_defaultlib
INFO: [VRFC 10-311] analyzing module vproc_top
INFO: [VRFC 10-2263] Analyzing SystemVerilog file "/u/home/qink/Desktop/caps_hisep_q_2/HiSEP-Q-2.0/qvproc_prj/rtl/vproc_unit_mux.sv" into library xil_defaultlib
INFO: [VRFC 10-311] analyzing module vproc_unit_mux
INFO: [VRFC 10-2263] Analyzing SystemVerilog file "/u/home/qink/Desktop/caps_hisep_q_2/HiSEP-Q-2.0/qvproc_prj/rtl/vproc_unit_wrapper.sv" into library xil_defaultlib
INFO: [VRFC 10-311] analyzing module vproc_unit_wrapper
INFO: [VRFC 10-2263] Analyzing SystemVerilog file "/u/home/qink/Desktop/caps_hisep_q_2/HiSEP-Q-2.0/qvproc_prj/rtl/vproc_vreg_wr_mux.sv" into library xil_defaultlib
INFO: [VRFC 10-311] analyzing module vproc_vreg_wr_mux
INFO: [VRFC 10-2263] Analyzing SystemVerilog file "/u/home/qink/Desktop/caps_hisep_q_2/HiSEP-Q-2.0/qvproc_prj/rtl/vproc_vregfile.sv" into library xil_defaultlib
INFO: [VRFC 10-311] analyzing module vproc_vregfile
INFO: [VRFC 10-2263] Analyzing SystemVerilog file "/u/home/qink/Desktop/caps_hisep_q_2/HiSEP-Q-2.0/qvproc_prj/rtl/vproc_vregpack.sv" into library xil_defaultlib
INFO: [VRFC 10-311] analyzing module vproc_vregpack
INFO: [VRFC 10-2263] Analyzing SystemVerilog file "/u/home/qink/Desktop/caps_hisep_q_2/HiSEP-Q-2.0/qvproc_prj/rtl/vproc_vregunpack.sv" into library xil_defaultlib
INFO: [VRFC 10-311] analyzing module vproc_vregunpack
INFO: [VRFC 10-2263] Analyzing SystemVerilog file "/u/home/qink/Desktop/caps_hisep_q_2/HiSEP-Q-2.0/qvproc_prj/rtl/vproc_xif.sv" into library xil_defaultlib
INFO: [VRFC 10-2263] Analyzing Verilog file "/u/home/qink/Desktop/caps_hisep_q_2/HiSEP-Q-2.0/qvproc_prj/tb/quantum_cases/vproc_qsg_tb.v" into library xil_defaultlib
INFO: [VRFC 10-311] analyzing module vproc_qsg_tb
INFO: [VRFC 10-2263] Analyzing Verilog file "/u/home/qink/Desktop/caps_hisep_q_2/HiSEP-Q-2.0/qvproc_prj/build/qvproc/qvproc.sim/sim_1/behav/xsim/glbl.v" into library xil_defaultlib
INFO: [VRFC 10-311] analyzing module glbl
Waiting for jobs to finish...
No pending jobs, compilation finished.
INFO: [USF-XSim-69] 'compile' step finished in '2' seconds
INFO: [USF-XSim-3] XSim::Elaborate design
INFO: [USF-XSim-61] Executing 'ELABORATE' step in '/u/home/qink/Desktop/caps_hisep_q_2/HiSEP-Q-2.0/qvproc_prj/build/qvproc/qvproc.sim/sim_1/behav/xsim'
xelab --incr --debug typical --relax --mt 8 -L xil_defaultlib -L uvm -L unisims_ver -L unimacro_ver -L secureip --snapshot vproc_qsg_tb_behav xil_defaultlib.vproc_qsg_tb xil_defaultlib.glbl -log elaborate.log
Vivado Simulator v2024.2.0
Copyright 1986-2022 Xilinx, Inc. All Rights Reserved.
Copyright 2022-2024 Advanced Micro Devices, Inc. All Rights Reserved.
Running: /opt/xilinx/vivado-2024.2/Vivado/2024.2/bin/unwrapped/lnx64.o/xelab --incr --debug typical --relax --mt 8 -L xil_defaultlib -L uvm -L unisims_ver -L unimacro_ver -L secureip --snapshot vproc_qsg_tb_behav xil_defaultlib.vproc_qsg_tb xil_defaultlib.glbl -log elaborate.log 
Using 8 slave threads.
Starting static elaboration
Pass Through NonSizing Optimizer
WARNING: [VRFC 10-2649] an enum variable may only be assigned the same enum typed variable or one of its values [/u/home/qink/Desktop/caps_hisep_q_2/HiSEP-Q-2.0/qvproc_prj/tb/quantum_cases/vproc_qsg_tb.v:163]
WARNING: [VRFC 10-2649] an enum variable may only be assigned the same enum typed variable or one of its values [/u/home/qink/Desktop/caps_hisep_q_2/HiSEP-Q-2.0/qvproc_prj/tb/quantum_cases/vproc_qsg_tb.v:164]
WARNING: [VRFC 10-9466] unpacked array widths (2 versus 1) do not match [/u/home/qink/Desktop/caps_hisep_q_2/HiSEP-Q-2.0/qvproc_prj/rtl/vproc_core.sv:1010]
WARNING: [VRFC 10-9466] unpacked array widths (2 versus 1) do not match [/u/home/qink/Desktop/caps_hisep_q_2/HiSEP-Q-2.0/qvproc_prj/rtl/vproc_core.sv:1011]
WARNING: [VRFC 10-3823] variable 'quantum_lmul' might have multiple concurrent drivers [/u/home/qink/Desktop/caps_hisep_q_2/HiSEP-Q-2.0/qvproc_prj/rtl/vproc_unit_mux.sv:224]
Completed static elaboration
Starting simulation data flow analysis
WARNING: [XSIM 43-4100] "/u/home/qink/Desktop/caps_hisep_q_2/HiSEP-Q-2.0/qvproc_prj/tb/quantum_cases/vproc_qsg_tb.v" Line 3. Module vproc_qsg_tb has a timescale but at least one module in design doesn't have timescale.
WARNING: [XSIM 43-4100] "/u/home/qink/Desktop/caps_hisep_q_2/HiSEP-Q-2.0/qvproc_prj/tb/quantum_cases/vproc_qsg_tb.v" Line 3. Module vproc_qsg_tb has a timescale but at least one module in design doesn't have timescale.
WARNING: [XSIM 43-4100] "/u/home/qink/Desktop/caps_hisep_q_2/HiSEP-Q-2.0/qvproc_prj/build/qvproc/qvproc.sim/sim_1/behav/xsim/glbl.v" Line 6. Module glbl has a timescale but at least one module in design doesn't have timescale.
WARNING: [XSIM 43-4100] "/u/home/qink/Desktop/caps_hisep_q_2/HiSEP-Q-2.0/qvproc_prj/build/qvproc/qvproc.sim/sim_1/behav/xsim/glbl.v" Line 6. Module glbl has a timescale but at least one module in design doesn't have timescale.
WARNING: [VRFC 10-2649] an enum variable may only be assigned the same enum typed variable or one of its values [/u/home/qink/Desktop/caps_hisep_q_2/HiSEP-Q-2.0/qvproc_prj/rtl/vproc_core.sv:560]
WARNING: [VRFC 10-2649] an enum variable may only be assigned the same enum typed variable or one of its values [/u/home/qink/Desktop/caps_hisep_q_2/HiSEP-Q-2.0/qvproc_prj/rtl/vproc_unit_mux.sv:338]
WARNING: [VRFC 10-2649] an enum variable may only be assigned the same enum typed variable or one of its values [/u/home/qink/Desktop/caps_hisep_q_2/HiSEP-Q-2.0/qvproc_prj/rtl/vproc_core.sv:360]
WARNING: [VRFC 10-2649] an enum variable may only be assigned the same enum typed variable or one of its values [/u/home/qink/Desktop/caps_hisep_q_2/HiSEP-Q-2.0/qvproc_prj/rtl/vproc_core.sv:361]
WARNING: [VRFC 10-2649] an enum variable may only be assigned the same enum typed variable or one of its values [/u/home/qink/Desktop/caps_hisep_q_2/HiSEP-Q-2.0/qvproc_prj/rtl/vproc_core.sv:362]
WARNING: [VRFC 10-2649] an enum variable may only be assigned the same enum typed variable or one of its values [/u/home/qink/Desktop/caps_hisep_q_2/HiSEP-Q-2.0/qvproc_prj/rtl/vproc_core.sv:366]
Completed simulation data flow analysis
Time Resolution for simulation is 1ps
Compiling package xil_defaultlib.vproc_pkg
Compiling package xil_defaultlib.ibex_pkg
Compiling package xil_defaultlib.prim_ram_1p_pkg
Compiling module xil_defaultlib.vproc_xif_default
Compiling module xil_defaultlib.prim_clock_gating
Compiling module xil_defaultlib.ibex_fetch_fifo(NUM_REQS=32'b010...
Compiling module xil_defaultlib.ibex_prefetch_buffer_default
Compiling module xil_defaultlib.ibex_compressed_decoder
Compiling module xil_defaultlib.ibex_if_stage(DmHaltAddr=32'b0,D...
Compiling module xil_defaultlib.ibex_decoder(RV32E=1'b0,RV32M=RV...
Compiling module xil_defaultlib.ibex_controller(WritebackStage=1...
Compiling module xil_defaultlib.ibex_id_stage(RV32E=1'b0,RV32M=R...
Compiling module xil_defaultlib.ibex_alu(RV32B=RV32BNone_ibex_pk...
Compiling module xil_defaultlib.ibex_multdiv_fast(RV32M=RV32MFas...
Compiling module xil_defaultlib.ibex_ex_block(RV32M=RV32MFast_ib...
Compiling module xil_defaultlib.ibex_load_store_unit
Compiling module xil_defaultlib.ibex_wb_stage_default
Compiling module xil_defaultlib.ibex_csr(Width=32'b0110)
Compiling module xil_defaultlib.ibex_csr_default
Compiling module xil_defaultlib.ibex_csr(Width=32'b010010)
Compiling module xil_defaultlib.ibex_csr(Width=32'b0100000)
Compiling module xil_defaultlib.ibex_csr(Width=32'b011)
Compiling module xil_defaultlib.ibex_counter(CounterWidth=64)
Compiling module xil_defaultlib.ibex_cs_registers(DbgTriggerEn=1...
Compiling module xil_defaultlib.ibex_core(PMPGranularity=32'b0,P...
Compiling module xil_defaultlib.ibex_register_file_ff(RV32E=1'b0...
Compiling module xil_defaultlib.ibex_top(RV32M=RV32MFast_ibex_pk...
Compiling module xil_defaultlib.vproc_decoder(CFG_VL_W=32'b0111,...
Compiling module xil_defaultlib.vproc_queue(WIDTH=32'b010111100,...
Compiling module xil_defaultlib.vproc_pending_wr
Compiling module xil_defaultlib.vproc_dispatcher(PIPE_CNT=32'b01...
Compiling module xil_defaultlib.vproc_vregfile(VREG_TYPE=VREG_GE...
Compiling module xil_defaultlib.vproc_vregunpack(MAX_VPORT_W=32'...
Compiling module xil_defaultlib.vproc_queue(WIDTH=32'b0101010,DE...
Compiling module xil_defaultlib.vproc_queue(WIDTH=32'b01010,DEPT...
Compiling module xil_defaultlib.vproc_lsu(VMEM_W=32'b0100000,CTR...
Compiling module xil_defaultlib.vproc_unit_wrapper(UNIT=UNIT_LSU...
Compiling module xil_defaultlib.vproc_alu(ALU_OP_W=32'b0100000,C...
Compiling module xil_defaultlib.vproc_unit_wrapper(UNIT=UNIT_ALU...
Compiling module xil_defaultlib.vproc_elem(VREG_W=32'b010000000,...
Compiling module xil_defaultlib.vproc_unit_wrapper(UNIT=UNIT_ELE...
Compiling module xil_defaultlib.vproc_queue(WIDTH=32'b011,DEPTH=...
Compiling module xil_defaultlib.vproc_unit_mux(UNITS=5'b10011,XI...
Compiling module xil_defaultlib.vproc_vregpack(VPORT_W=32'b01000...
Compiling module xil_defaultlib.vproc_pipeline(VREG_W=32'b010000...
Compiling module xil_defaultlib.vproc_pipeline_wrapper(VREG_W=32...
Compiling module xil_defaultlib.vproc_vregunpack(MAX_VPORT_W=32'...
Compiling module xil_defaultlib.vproc_xif(X_MEM_WIDTH=32'b010000...
Compiling module xil_defaultlib.vproc_mul_block(MUL_TYPE=MUL_GEN...
Compiling module xil_defaultlib.vproc_mul(MUL_OP_W=32'b01000000,...
Compiling module xil_defaultlib.vproc_unit_wrapper(UNIT=UNIT_MUL...
Compiling module xil_defaultlib.vproc_sld(SLD_OP_W=32'b01000000,...
Compiling module xil_defaultlib.vproc_unit_wrapper(UNIT=UNIT_SLD...
Compiling module xil_defaultlib.vproc_unit_mux(UNITS=5'b01100,XI...
Compiling module xil_defaultlib.vproc_vregpack(VPORT_W=32'b01000...
Compiling module xil_defaultlib.vproc_pipeline(VREG_W=32'b010000...
Compiling module xil_defaultlib.vproc_pipeline_wrapper(VREG_W=32...
Compiling module xil_defaultlib.vproc_vreg_wr_mux(VREG_W=32'b010...
Compiling module xil_defaultlib.vproc_result(XIF_ID_W=32'b011)
Compiling module xil_defaultlib.vproc_core(XIF_ID_W=32'b011,XIF_...
Compiling module xil_defaultlib.vproc_top(MEM_W=32'b0100000,VMEM...
Compiling module xil_defaultlib.vproc_qsg_tb
Compiling module xil_defaultlib.glbl
Built simulation snapshot vproc_qsg_tb_behav
execute_script: Time (s): cpu = 00:00:21 ; elapsed = 00:00:10 . Memory (MB): peak = 1549.219 ; gain = 0.000 ; free physical = 1108756 ; free virtual = 1139191
INFO: [USF-XSim-69] 'elaborate' step finished in '10' seconds
INFO: [USF-XSim-4] XSim::Simulate design
INFO: [USF-XSim-61] Executing 'SIMULATE' step in '/u/home/qink/Desktop/caps_hisep_q_2/HiSEP-Q-2.0/qvproc_prj/build/qvproc/qvproc.sim/sim_1/behav/xsim'
INFO: [USF-XSim-98] *** Running xsim
   with args "vproc_qsg_tb_behav -key {Behavioral:sim_1:Functional:vproc_qsg_tb} -tclbatch {vproc_qsg_tb.tcl} -log {simulate.log} -testplusarg INSTR_MEM_FILE=/u/home/qink/Desktop/caps_hisep_q_2/HiSEP-Q-2.0/qvproc_prj/tb/quantum_cases/instruction_qsg.mem -testplusarg DATA_MEM_FILE=/u/home/qink/Desktop/caps_hisep_q_2/HiSEP-Q-2.0/qvproc_prj/tb/quantum_cases/data_qsg.mem"
INFO: [USF-XSim-8] Loading simulator feature
Time resolution is 1 ps
source vproc_qsg_tb.tcl
## set curr_wave [current_wave_config]
## if { [string length $curr_wave] == 0 } {
##   if { [llength [get_objects]] > 0} {
##     add_wave /
##     set_property needs_save false [current_wave_config]
##   } else {
##      send_msg_id Add_Wave-1 WARNING "No top level signals found. Simulator will start without a wave window. If you want to open a wave window go to 'File->New Waveform Configuration' or type 'create_wave_config' in the TCL console."
##   }
## }
WARNING: [Wavedata 42-489] Can't add object "/vproc_qsg_tb/mem" to the wave window because it has 2097152 bits, which exceeds the display limit of 65536 bits.  To change the display limit, use the command "set_property display_limit <new limit> [current_wave_config]".
## run 1000ns
[QSG][cycle=0][INIT] instruction=                                 /u/home/qink/Desktop/caps_hisep_q_2/HiSEP-Q-2.0/qvproc_prj/tb/quantum_cases/instruction_qsg.mem
[QSG][cycle=0][INIT] data=                                        /u/home/qink/Desktop/caps_hisep_q_2/HiSEP-Q-2.0/qvproc_prj/tb/quantum_cases/data_qsg.mem
              150000: Illegal instruction (hart 0) at PC 0x00000084: 0xd0620657
[QSG][cycle=16][EXEC] pre-measure scalar marker committed: x6=00000084
[QSG][cycle=27][MEASURE] qvsg_meas=1 start d06081d7 (QSG.MEASURE vd3,vs1=v1 ) x6=00000081
[QSG][cycle=27][EXEC] pre-measure scalar marker committed: x6=00000081
[QSG][cycle=47][EXEC] quantum stream start: instr_id=3 vd=3 elem2=00000081
[QSG][cycle=55][MEASURE] measure_issued_done=1 x6=00000081 x7=00000000
[QSG][cycle=55][WAIT] Waiting for external ADC (50 cycles).
INFO: [USF-XSim-96] XSim completed. Design snapshot 'vproc_qsg_tb_behav' loaded.
INFO: [USF-XSim-97] XSim simulation ran for 1000ns
launch_simulation: Time (s): cpu = 00:00:25 ; elapsed = 00:00:19 . Memory (MB): peak = 1549.219 ; gain = 5.477 ; free physical = 1108729 ; free virtual = 1139167
# if {[catch {run all} run_err]} {
#   puts "ERROR: run all failed"
#   puts $run_err
#   close_sim -quiet
#   close_project
#   exit 1
# }
[QSG][cycle=106][MEASURE] measure_done=1 x6=00000081 x7=00000000
[QSG][cycle=108][MEASURE] qvsg_meas=0 resume x6=00000081 x7=00000000
[QSG][cycle=110][EXEC] post-resume scalar marker committed: x7=00000091
[QSG][cycle=119][MEASURE] qvsg_meas=1 start d0620357 (QSG.MEASURE vd6,vs1=v4 ) x6=00000082
[QSG][cycle=119][EXEC] pre-measure scalar marker committed: x6=00000082
[QSG][cycle=139][EXEC] quantum stream start: instr_id=6 vd=6 elem2=00000082
[QSG][cycle=155][MEASURE] measure_issued_done=1 x6=00000082 x7=00000091
[QSG][cycle=155][WAIT] Waiting for external ADC (50 cycles).
[QSG][cycle=206][MEASURE] measure_done=1 x6=00000082 x7=00000091
[QSG][cycle=208][MEASURE] qvsg_meas=0 resume x6=00000082 x7=00000091
[QSG][cycle=210][EXEC] post-resume scalar marker committed: x7=00000092
[QSG][cycle=219][MEASURE] qvsg_meas=1 start d0640657 (QSG.MEASURE vd12,vs1=v8) x6=00000083
[QSG][cycle=219][EXEC] pre-measure scalar marker committed: x6=00000083
[QSG][cycle=239][EXEC] quantum stream start: instr_id=1 vd=12 elem2=00000083
[QSG][cycle=271][MEASURE] measure_issued_done=1 x6=00000083 x7=00000092
[QSG][cycle=271][WAIT] Waiting for external ADC (50 cycles).
[QSG][cycle=322][MEASURE] measure_done=1 x6=00000083 x7=00000092
[QSG][cycle=324][MEASURE] qvsg_meas=0 resume x6=00000083 x7=00000092
[QSG][cycle=326][EXEC] post-resume scalar marker committed: x7=00000093
[QSG][cycle=335][MEASURE] qvsg_meas=1 start d0620657 (QSG.MEASURE vd12,vs1=v4) x6=00000084
[QSG][cycle=335][EXEC] pre-measure scalar marker committed: x6=00000084
[QSG][cycle=358][EXEC] quantum stream start: instr_id=4 vd=12 elem2=00000084
[QSG][cycle=422][MEASURE] measure_issued_done=1 x6=00000084 x7=00000093
[QSG][cycle=422][WAIT] Waiting for external ADC (50 cycles).
[QSG][cycle=473][MEASURE] measure_done=1 x6=00000084 x7=00000093
[QSG][cycle=475][MEASURE] qvsg_meas=0 resume x6=00000084 x7=00000093
[QSG][cycle=477][EXEC] post-resume scalar marker committed: x7=00000094
[QSG][cycle=486][MEASURE] qvsg_meas=1 start d0640c57 (QSG.MEASURE vd24,vs1=v8) x6=00000085
[QSG][cycle=486][EXEC] pre-measure scalar marker committed: x6=00000085
[QSG][cycle=525][EXEC] quantum stream start: instr_id=7 vd=24 elem2=00000085
[QSG][cycle=653][MEASURE] measure_issued_done=1 x6=00000085 x7=00000094
[QSG][cycle=653][WAIT] Waiting for external ADC (50 cycles).
[QSG][cycle=704][MEASURE] measure_done=1 x6=00000085 x7=00000094
[QSG][cycle=706][MEASURE] qvsg_meas=0 resume x6=00000085 x7=00000094
[QSG][cycle=708][EXEC] post-resume scalar marker committed: x7=00000095
[QSG][cycle=854][DONE] no new quantum events for 200 cycles after the last event.
[QSG][cycle=854][SUMMARY] observed 252 quantum events, last at cycle 654.
$finish called at time : 8535 ns : File "/u/home/qink/Desktop/caps_hisep_q_2/HiSEP-Q-2.0/qvproc_prj/tb/quantum_cases/vproc_qsg_tb.v" Line 489
# close_sim
INFO: [Simtcl 6-16] Simulation closed
# close_project
# exit
INFO: [Common 17-206] Exiting Vivado at Fri Apr 24 22:56:15 2026...
