#-----------------------------------------------------------
# xsim v2024.2 (64-bit)
# SW Build 5239630 on Fri Nov 08 22:34:34 MST 2024
# IP Build 5239520 on Sun Nov 10 16:12:51 MST 2024
# SharedData Build 5239561 on Fri Nov 08 14:39:27 MST 2024
# Start of session at: Fri Apr 17 16:52:16 2026
# Process ID         : 444173
# Current directory  : /home/xiaorang/Documents/HiSEP-Q-2.0/qvproc_prj/tb/quantum_cases/cosim
# Command line       : xsim -mode tcl -source {xsim.dir/vproc_qdisp_bell_tb_sim/xsim_script.tcl}
# Log file           : /home/xiaorang/Documents/HiSEP-Q-2.0/qvproc_prj/tb/quantum_cases/cosim/xsim.log
# Journal file       : /home/xiaorang/Documents/HiSEP-Q-2.0/qvproc_prj/tb/quantum_cases/cosim/xsim.jou
# Running On         : xiaorang-MSI
# Platform           : Ubuntu
# Operating System   : Ubuntu 22.04.5 LTS
# Processor Detail   : AMD Ryzen 7 7800X3D 8-Core Processor
# CPU Frequency      : 4039.895 MHz
# CPU Physical cores : 8
# CPU Logical cores  : 16
# Host memory        : 32757 MB
# Swap memory        : 32767 MB
# Total Virtual      : 65525 MB
# Available Virtual  : 48097 MB
#-----------------------------------------------------------
source xsim.dir/vproc_qdisp_bell_tb_sim/xsim_script.tcl
# xsim {vproc_qdisp_bell_tb_sim} -testplusarg INSTR_MEM_FILE=../instruction_bell_generic.mem -testplusarg DATA_MEM_FILE=../data_bell_generic.mem -autoloadwcfg -runall
Time resolution is 1 ps
run -all
[QDISP_TB][INIT] instruction mem : ../instruction_bell_generic.mem
[QDISP_TB][INIT] data mem        : ../data_bell_generic.mem
[QDISP_TB][INIT] Bell co-simulation started.
[QDISP_TB][INIT] NUM_QUBITS=16  FIXED_LATENCY=16  TIME_WIDTH=20
              140000: Illegal instruction (hart 0) at PC 0x00000080: 0x00010413
[QDISP_TB][cycle=18][INSTR] 05500393  addi x7, x0, 0x55          
[QDISP_TB][cycle=23][INSTR] 00000013  nop                        
[QDISP_TB][cycle=31][INSTR] 00000013  nop                        
[QDISP_TB][cycle=43][INSTR] 00000013  nop                        
[QDISP_TB][cycle=47][QX_START] op=16(QV.SINGLE   ) id=2 vd=0 elem2=00000004 elem3=c8000000 ready=1
[QDISP_TB][cycle=47][QX] idx=0 op=QV.SINGLE    id=2 elem1=00000000 elem2=00000004 elem3=c8000000 ready=1 t_cnt=37
[QDISP_TB][cycle=48][QX] idx=1 op=QV.SINGLE    id=2 elem1=00000002 elem2=00000004 elem3=c8000000 ready=1 t_cnt=38
[QDISP_TB][cycle=49][QX] idx=2 op=QV.SINGLE    id=2 elem1=00000004 elem2=00000004 elem3=c8000000 ready=1 t_cnt=39
[QDISP_TB][cycle=50][QX] idx=3 op=QV.SINGLE    id=2 elem1=00000006 elem2=00000004 elem3=c8000000 ready=1 t_cnt=40
[QDISP_TB][cycle=58][MEASURE] qvsg_meas=1 start
[AWG][t_cnt=53] valid_mask=0000000001010101  (cycle=63)
[AWG][t_cnt=53]   qubit[00]  gate=0x64  role=CTRL
[AWG][t_cnt=53]   qubit[02]  gate=0x64  role=CTRL
[AWG][t_cnt=53]   qubit[04]  gate=0x64  role=CTRL
[AWG][t_cnt=53]   qubit[06]  gate=0x64  role=CTRL
[QDISP_TB][cycle=80][QX_START] op=17(QV.PAIR     ) id=6 vd=0 elem2=00000001 elem3=00000000 ready=1
[QDISP_TB][cycle=80][QX] idx=4 op=QV.PAIR      id=6 elem1=00000000 elem2=00000001 elem3=00000000 ready=1 t_cnt=70
[QDISP_TB][cycle=81][QX] idx=5 op=QV.PAIR      id=6 elem1=00000002 elem2=00000003 elem3=00000000 ready=1 t_cnt=71
[QDISP_TB][cycle=82][QX] idx=6 op=QV.PAIR      id=6 elem1=00000004 elem2=00000005 elem3=00000000 ready=1 t_cnt=72
[QDISP_TB][cycle=83][QX] idx=7 op=QV.PAIR      id=6 elem1=00000006 elem2=00000007 elem3=00000000 ready=1 t_cnt=73
[AWG][t_cnt=86] valid_mask=0000000011111111  (cycle=96)
[AWG][t_cnt=86]   qubit[00]  gate=0x00  role=CTRL
[AWG][t_cnt=86]   qubit[01]  gate=0x00  role=TGT 
[AWG][t_cnt=86]   qubit[02]  gate=0x00  role=CTRL
[AWG][t_cnt=86]   qubit[03]  gate=0x00  role=TGT 
[AWG][t_cnt=86]   qubit[04]  gate=0x00  role=CTRL
[AWG][t_cnt=86]   qubit[05]  gate=0x00  role=TGT 
[AWG][t_cnt=86]   qubit[06]  gate=0x00  role=CTRL
[AWG][t_cnt=86]   qubit[07]  gate=0x00  role=TGT 
[QDISP_TB][cycle=109][QX_START] op=16(QV.SINGLE   ) id=1 vd=0 elem2=00000004 elem3=d0000000 ready=1
[QDISP_TB][cycle=109][QX] idx=8 op=QV.SINGLE    id=1 elem1=00000000 elem2=00000004 elem3=d0000000 ready=1 t_cnt=99
[QDISP_TB][cycle=110][QX] idx=9 op=QV.SINGLE    id=1 elem1=00000002 elem2=00000004 elem3=d0000000 ready=1 t_cnt=100
[QDISP_TB][cycle=111][QX] idx=10 op=QV.SINGLE    id=1 elem1=00000004 elem2=00000004 elem3=d0000000 ready=1 t_cnt=101
[QDISP_TB][cycle=112][QX] idx=11 op=QV.SINGLE    id=1 elem1=00000006 elem2=00000004 elem3=d0000000 ready=1 t_cnt=102
[AWG][t_cnt=115] valid_mask=0000000001010101  (cycle=125)
[AWG][t_cnt=115]   qubit[00]  gate=0x68  role=CTRL
[AWG][t_cnt=115]   qubit[02]  gate=0x68  role=CTRL
[AWG][t_cnt=115]   qubit[04]  gate=0x68  role=CTRL
[AWG][t_cnt=115]   qubit[06]  gate=0x68  role=CTRL
[QDISP_TB][cycle=312][DONE] 200 idle cycles after last event

[QDISP_TB] ===== CO-SIM SUMMARY =====
[QDISP_TB]  cycles         : 312
[QDISP_TB]  quantum events : 12
[QDISP_TB]  qubit fires    : 16
[QDISP_TB]  FIFO errors    : 0
[QDISP_TB]  RESULT         : PASS – no FIFO overflows
[QDISP_TB] ==========================
$finish called at time : 3115 ns : File "/home/xiaorang/Documents/HiSEP-Q-2.0/qvproc_prj/tb/quantum_cases/vproc_qdisp_bell_tb.v" Line 483
exit
INFO: [Common 17-206] Exiting xsim at Fri Apr 17 16:52:18 2026...
