INFO: [VRFC 10-2263] Analyzing SystemVerilog file "/u/home/qink/Desktop/caps_hisep_q_2/HiSEP-Q-2.0/qvproc_prj/core/ibex/rtl/ibex_pkg.sv" into library xil_defaultlib
INFO: [VRFC 10-2263] Analyzing SystemVerilog file "/u/home/qink/Desktop/caps_hisep_q_2/HiSEP-Q-2.0/qvproc_prj/core/ibex/rtl/ibex_alu.sv" into library xil_defaultlib
INFO: [VRFC 10-311] analyzing module ibex_alu
INFO: [VRFC 10-2263] Analyzing SystemVerilog file "/u/home/qink/Desktop/caps_hisep_q_2/HiSEP-Q-2.0/qvproc_prj/core/ibex/rtl/ibex_branch_predict.sv" into library xil_defaultlib
INFO: [VRFC 10-311] analyzing module ibex_branch_predict
INFO: [VRFC 10-2263] Analyzing SystemVerilog file "/u/home/qink/Desktop/caps_hisep_q_2/HiSEP-Q-2.0/qvproc_prj/core/ibex/rtl/ibex_compressed_decoder.sv" into library xil_defaultlib
INFO: [VRFC 10-311] analyzing module ibex_compressed_decoder
INFO: [VRFC 10-2263] Analyzing SystemVerilog file "/u/home/qink/Desktop/caps_hisep_q_2/HiSEP-Q-2.0/qvproc_prj/core/ibex/rtl/ibex_controller.sv" into library xil_defaultlib
INFO: [VRFC 10-311] analyzing module ibex_controller
INFO: [VRFC 10-2263] Analyzing SystemVerilog file "/u/home/qink/Desktop/caps_hisep_q_2/HiSEP-Q-2.0/qvproc_prj/core/ibex/rtl/ibex_core.sv" into library xil_defaultlib
INFO: [VRFC 10-311] analyzing module ibex_core
INFO: [VRFC 10-2263] Analyzing SystemVerilog file "/u/home/qink/Desktop/caps_hisep_q_2/HiSEP-Q-2.0/qvproc_prj/core/ibex/rtl/ibex_counter.sv" into library xil_defaultlib
INFO: [VRFC 10-311] analyzing module ibex_counter
INFO: [VRFC 10-2263] Analyzing SystemVerilog file "/u/home/qink/Desktop/caps_hisep_q_2/HiSEP-Q-2.0/qvproc_prj/core/ibex/rtl/ibex_cs_registers.sv" into library xil_defaultlib
INFO: [VRFC 10-311] analyzing module ibex_cs_registers
INFO: [VRFC 10-2263] Analyzing SystemVerilog file "/u/home/qink/Desktop/caps_hisep_q_2/HiSEP-Q-2.0/qvproc_prj/core/ibex/rtl/ibex_csr.sv" into library xil_defaultlib
INFO: [VRFC 10-311] analyzing module ibex_csr
INFO: [VRFC 10-2263] Analyzing SystemVerilog file "/u/home/qink/Desktop/caps_hisep_q_2/HiSEP-Q-2.0/qvproc_prj/core/ibex/rtl/ibex_decoder.sv" into library xil_defaultlib
INFO: [VRFC 10-311] analyzing module ibex_decoder
INFO: [VRFC 10-2263] Analyzing SystemVerilog file "/u/home/qink/Desktop/caps_hisep_q_2/HiSEP-Q-2.0/qvproc_prj/core/ibex/rtl/ibex_dummy_instr.sv" into library xil_defaultlib
INFO: [VRFC 10-311] analyzing module ibex_dummy_instr
INFO: [VRFC 10-2263] Analyzing SystemVerilog file "/u/home/qink/Desktop/caps_hisep_q_2/HiSEP-Q-2.0/qvproc_prj/core/ibex/rtl/ibex_ex_block.sv" into library xil_defaultlib
INFO: [VRFC 10-311] analyzing module ibex_ex_block
INFO: [VRFC 10-2263] Analyzing SystemVerilog file "/u/home/qink/Desktop/caps_hisep_q_2/HiSEP-Q-2.0/qvproc_prj/core/ibex/rtl/ibex_fetch_fifo.sv" into library xil_defaultlib
INFO: [VRFC 10-311] analyzing module ibex_fetch_fifo
INFO: [VRFC 10-2263] Analyzing SystemVerilog file "/u/home/qink/Desktop/caps_hisep_q_2/HiSEP-Q-2.0/qvproc_prj/core/ibex/rtl/ibex_icache.sv" into library xil_defaultlib
INFO: [VRFC 10-311] analyzing module ibex_icache
INFO: [VRFC 10-2263] Analyzing SystemVerilog file "/u/home/qink/Desktop/caps_hisep_q_2/HiSEP-Q-2.0/qvproc_prj/core/ibex/rtl/ibex_id_stage.sv" into library xil_defaultlib
INFO: [VRFC 10-311] analyzing module ibex_id_stage
INFO: [VRFC 10-2263] Analyzing SystemVerilog file "/u/home/qink/Desktop/caps_hisep_q_2/HiSEP-Q-2.0/qvproc_prj/core/ibex/rtl/ibex_if_stage.sv" into library xil_defaultlib
INFO: [VRFC 10-311] analyzing module ibex_if_stage
INFO: [VRFC 10-2263] Analyzing SystemVerilog file "/u/home/qink/Desktop/caps_hisep_q_2/HiSEP-Q-2.0/qvproc_prj/core/ibex/rtl/ibex_load_store_unit.sv" into library xil_defaultlib
INFO: [VRFC 10-311] analyzing module ibex_load_store_unit
INFO: [VRFC 10-2263] Analyzing SystemVerilog file "/u/home/qink/Desktop/caps_hisep_q_2/HiSEP-Q-2.0/qvproc_prj/core/ibex/rtl/ibex_lockstep.sv" into library xil_defaultlib
INFO: [VRFC 10-311] analyzing module ibex_lockstep
INFO: [VRFC 10-2263] Analyzing SystemVerilog file "/u/home/qink/Desktop/caps_hisep_q_2/HiSEP-Q-2.0/qvproc_prj/core/ibex/rtl/ibex_multdiv_fast.sv" into library xil_defaultlib
INFO: [VRFC 10-311] analyzing module ibex_multdiv_fast
INFO: [VRFC 10-2263] Analyzing SystemVerilog file "/u/home/qink/Desktop/caps_hisep_q_2/HiSEP-Q-2.0/qvproc_prj/core/ibex/rtl/ibex_multdiv_slow.sv" into library xil_defaultlib
INFO: [VRFC 10-311] analyzing module ibex_multdiv_slow
INFO: [VRFC 10-2263] Analyzing SystemVerilog file "/u/home/qink/Desktop/caps_hisep_q_2/HiSEP-Q-2.0/qvproc_prj/core/ibex/rtl/ibex_pmp.sv" into library xil_defaultlib
INFO: [VRFC 10-311] analyzing module ibex_pmp
INFO: [VRFC 10-2263] Analyzing SystemVerilog file "/u/home/qink/Desktop/caps_hisep_q_2/HiSEP-Q-2.0/qvproc_prj/core/ibex/rtl/ibex_prefetch_buffer.sv" into library xil_defaultlib
INFO: [VRFC 10-311] analyzing module ibex_prefetch_buffer
INFO: [VRFC 10-2263] Analyzing SystemVerilog file "/u/home/qink/Desktop/caps_hisep_q_2/HiSEP-Q-2.0/qvproc_prj/core/ibex/rtl/ibex_register_file_ff.sv" into library xil_defaultlib
INFO: [VRFC 10-311] analyzing module ibex_register_file_ff
INFO: [VRFC 10-2263] Analyzing SystemVerilog file "/u/home/qink/Desktop/caps_hisep_q_2/HiSEP-Q-2.0/qvproc_prj/core/ibex/rtl/ibex_register_file_fpga.sv" into library xil_defaultlib
INFO: [VRFC 10-311] analyzing module ibex_register_file_fpga
INFO: [VRFC 10-2263] Analyzing SystemVerilog file "/u/home/qink/Desktop/caps_hisep_q_2/HiSEP-Q-2.0/qvproc_prj/core/ibex/ibex_register_file_latch.sv" into library xil_defaultlib
INFO: [VRFC 10-311] analyzing module ibex_register_file_latch
INFO: [VRFC 10-2263] Analyzing SystemVerilog file "/u/home/qink/Desktop/caps_hisep_q_2/HiSEP-Q-2.0/qvproc_prj/core/ibex/vendor/lowrisc_ip/ip/prim/rtl/prim_ram_1p_pkg.sv" into library xil_defaultlib
INFO: [VRFC 10-2263] Analyzing SystemVerilog file "/u/home/qink/Desktop/caps_hisep_q_2/HiSEP-Q-2.0/qvproc_prj/core/ibex/rtl/ibex_top.sv" into library xil_defaultlib
INFO: [VRFC 10-311] analyzing module ibex_top
INFO: [VRFC 10-2263] Analyzing SystemVerilog file "/u/home/qink/Desktop/caps_hisep_q_2/HiSEP-Q-2.0/qvproc_prj/core/ibex/rtl/ibex_wb_stage.sv" into library xil_defaultlib
INFO: [VRFC 10-311] analyzing module ibex_wb_stage
INFO: [VRFC 10-2263] Analyzing SystemVerilog file "/u/home/qink/Desktop/caps_hisep_q_2/HiSEP-Q-2.0/qvproc_prj/core/ibex/prim_buf.sv" into library xil_defaultlib
INFO: [VRFC 10-311] analyzing module prim_buf
INFO: [VRFC 10-2263] Analyzing SystemVerilog file "/u/home/qink/Desktop/caps_hisep_q_2/HiSEP-Q-2.0/qvproc_prj/core/ibex/prim_generic_buf.sv" into library xil_defaultlib
INFO: [VRFC 10-311] analyzing module prim_generic_buf
INFO: [VRFC 10-2263] Analyzing SystemVerilog file "/u/home/qink/Desktop/caps_hisep_q_2/HiSEP-Q-2.0/qvproc_prj/core/ibex/prim_generic_ram_1p.sv" into library xil_defaultlib
INFO: [VRFC 10-311] analyzing module prim_generic_ram_1p
INFO: [VRFC 10-2263] Analyzing SystemVerilog file "/u/home/qink/Desktop/caps_hisep_q_2/HiSEP-Q-2.0/qvproc_prj/core/ibex/prim_ram_1p.sv" into library xil_defaultlib
INFO: [VRFC 10-311] analyzing module prim_ram_1p
INFO: [VRFC 10-2263] Analyzing SystemVerilog file "/u/home/qink/Desktop/caps_hisep_q_2/HiSEP-Q-2.0/qvproc_prj/rtl/vproc_pkg.sv" into library xil_defaultlib
INFO: [VRFC 10-2263] Analyzing SystemVerilog file "/u/home/qink/Desktop/caps_hisep_q_2/HiSEP-Q-2.0/qvproc_prj/configs/vproc_config_dual_128_32.sv" into library xil_defaultlib
INFO: [VRFC 10-2263] Analyzing SystemVerilog file "/u/home/qink/Desktop/caps_hisep_q_2/HiSEP-Q-2.0/qvproc_prj/rtl/vproc_alu.sv" into library xil_defaultlib
INFO: [VRFC 10-311] analyzing module vproc_alu
INFO: [VRFC 10-2263] Analyzing SystemVerilog file "/u/home/qink/Desktop/caps_hisep_q_2/HiSEP-Q-2.0/qvproc_prj/rtl/vproc_cache.sv" into library xil_defaultlib
INFO: [VRFC 10-311] analyzing module vproc_cache
INFO: [VRFC 10-311] analyzing module vproc_cache_way
INFO: [VRFC 10-2263] Analyzing SystemVerilog file "/u/home/qink/Desktop/caps_hisep_q_2/HiSEP-Q-2.0/qvproc_prj/rtl/vproc_core.sv" into library xil_defaultlib
INFO: [VRFC 10-311] analyzing module vproc_core
INFO: [VRFC 10-2263] Analyzing SystemVerilog file "/u/home/qink/Desktop/caps_hisep_q_2/HiSEP-Q-2.0/qvproc_prj/rtl/vproc_decoder.sv" into library xil_defaultlib
INFO: [VRFC 10-311] analyzing module vproc_decoder
INFO: [VRFC 10-2263] Analyzing SystemVerilog file "/u/home/qink/Desktop/caps_hisep_q_2/HiSEP-Q-2.0/qvproc_prj/rtl/vproc_dispatcher.sv" into library xil_defaultlib
INFO: [VRFC 10-311] analyzing module vproc_dispatcher
INFO: [VRFC 10-2263] Analyzing SystemVerilog file "/u/home/qink/Desktop/caps_hisep_q_2/HiSEP-Q-2.0/qvproc_prj/rtl/vproc_elem.sv" into library xil_defaultlib
INFO: [VRFC 10-311] analyzing module vproc_elem
INFO: [VRFC 10-2263] Analyzing SystemVerilog file "/u/home/qink/Desktop/caps_hisep_q_2/HiSEP-Q-2.0/qvproc_prj/rtl/vproc_lsu.sv" into library xil_defaultlib
INFO: [VRFC 10-311] analyzing module vproc_lsu
INFO: [VRFC 10-2263] Analyzing SystemVerilog file "/u/home/qink/Desktop/caps_hisep_q_2/HiSEP-Q-2.0/qvproc_prj/rtl/vproc_mul.sv" into library xil_defaultlib
INFO: [VRFC 10-311] analyzing module vproc_mul
INFO: [VRFC 10-2263] Analyzing SystemVerilog file "/u/home/qink/Desktop/caps_hisep_q_2/HiSEP-Q-2.0/qvproc_prj/rtl/vproc_mul_block.sv" into library xil_defaultlib
INFO: [VRFC 10-311] analyzing module vproc_mul_block
INFO: [VRFC 10-2263] Analyzing SystemVerilog file "/u/home/qink/Desktop/caps_hisep_q_2/HiSEP-Q-2.0/qvproc_prj/rtl/vproc_pending_wr.sv" into library xil_defaultlib
INFO: [VRFC 10-311] analyzing module vproc_pending_wr
INFO: [VRFC 10-2263] Analyzing SystemVerilog file "/u/home/qink/Desktop/caps_hisep_q_2/HiSEP-Q-2.0/qvproc_prj/rtl/vproc_pipeline.sv" into library xil_defaultlib
INFO: [VRFC 10-311] analyzing module vproc_pipeline
INFO: [VRFC 10-2263] Analyzing SystemVerilog file "/u/home/qink/Desktop/caps_hisep_q_2/HiSEP-Q-2.0/qvproc_prj/rtl/vproc_pipeline_wrapper.sv" into library xil_defaultlib
INFO: [VRFC 10-311] analyzing module vproc_pipeline_wrapper
INFO: [VRFC 10-2263] Analyzing SystemVerilog file "/u/home/qink/Desktop/caps_hisep_q_2/HiSEP-Q-2.0/qvproc_prj/rtl/vproc_queue.sv" into library xil_defaultlib
INFO: [VRFC 10-311] analyzing module vproc_queue
INFO: [VRFC 10-2263] Analyzing SystemVerilog file "/u/home/qink/Desktop/caps_hisep_q_2/HiSEP-Q-2.0/qvproc_prj/rtl/vproc_result.sv" into library xil_defaultlib
INFO: [VRFC 10-311] analyzing module vproc_result
INFO: [VRFC 10-2263] Analyzing SystemVerilog file "/u/home/qink/Desktop/caps_hisep_q_2/HiSEP-Q-2.0/qvproc_prj/rtl/vproc_sld.sv" into library xil_defaultlib
INFO: [VRFC 10-311] analyzing module vproc_sld
INFO: [VRFC 10-2263] Analyzing SystemVerilog file "/u/home/qink/Desktop/caps_hisep_q_2/HiSEP-Q-2.0/qvproc_prj/rtl/vproc_top.sv" into library xil_defaultlib
INFO: [VRFC 10-311] analyzing module vproc_top
INFO: [VRFC 10-2263] Analyzing SystemVerilog file "/u/home/qink/Desktop/caps_hisep_q_2/HiSEP-Q-2.0/qvproc_prj/rtl/vproc_unit_mux.sv" into library xil_defaultlib
INFO: [VRFC 10-311] analyzing module vproc_unit_mux
INFO: [VRFC 10-2263] Analyzing SystemVerilog file "/u/home/qink/Desktop/caps_hisep_q_2/HiSEP-Q-2.0/qvproc_prj/rtl/vproc_unit_wrapper.sv" into library xil_defaultlib
INFO: [VRFC 10-311] analyzing module vproc_unit_wrapper
INFO: [VRFC 10-2263] Analyzing SystemVerilog file "/u/home/qink/Desktop/caps_hisep_q_2/HiSEP-Q-2.0/qvproc_prj/rtl/vproc_vreg_wr_mux.sv" into library xil_defaultlib
INFO: [VRFC 10-311] analyzing module vproc_vreg_wr_mux
INFO: [VRFC 10-2263] Analyzing SystemVerilog file "/u/home/qink/Desktop/caps_hisep_q_2/HiSEP-Q-2.0/qvproc_prj/rtl/vproc_vregfile.sv" into library xil_defaultlib
INFO: [VRFC 10-311] analyzing module vproc_vregfile
INFO: [VRFC 10-2263] Analyzing SystemVerilog file "/u/home/qink/Desktop/caps_hisep_q_2/HiSEP-Q-2.0/qvproc_prj/rtl/vproc_vregpack.sv" into library xil_defaultlib
INFO: [VRFC 10-311] analyzing module vproc_vregpack
INFO: [VRFC 10-2263] Analyzing SystemVerilog file "/u/home/qink/Desktop/caps_hisep_q_2/HiSEP-Q-2.0/qvproc_prj/rtl/vproc_vregunpack.sv" into library xil_defaultlib
INFO: [VRFC 10-311] analyzing module vproc_vregunpack
INFO: [VRFC 10-2263] Analyzing SystemVerilog file "/u/home/qink/Desktop/caps_hisep_q_2/HiSEP-Q-2.0/qvproc_prj/rtl/vproc_xif.sv" into library xil_defaultlib
INFO: [VRFC 10-2263] Analyzing SystemVerilog file "/u/home/qink/Desktop/caps_hisep_q_2/HiSEP-Q-2.0/qvproc_prj/rtl/vproc_qdisp_top.sv" into library xil_defaultlib
INFO: [VRFC 10-311] analyzing module vproc_qdisp_top
