Vivado Simulator v2024.2.0
Copyright 1986-2022 Xilinx, Inc. All Rights Reserved.
Copyright 2022-2024 Advanced Micro Devices, Inc. All Rights Reserved.
Running: /opt/xilinx/vivado-2024.2/Vivado/2024.2/bin/unwrapped/lnx64.o/xelab --incr --debug typical --relax --mt 8 -L xil_defaultlib -L uvm -L unisims_ver -L unimacro_ver -L secureip --snapshot vproc_bell_tb_behav xil_defaultlib.vproc_bell_tb xil_defaultlib.glbl -log elaborate.log 
Using 8 slave threads.
Starting static elaboration
Pass Through NonSizing Optimizer
WARNING: [VRFC 10-2649] an enum variable may only be assigned the same enum typed variable or one of its values [/u/home/qink/Desktop/HiSEP-Q-2.0/qvproc_prj/tb/quantum_cases/vproc_bell_tb.v:137]
WARNING: [VRFC 10-2649] an enum variable may only be assigned the same enum typed variable or one of its values [/u/home/qink/Desktop/HiSEP-Q-2.0/qvproc_prj/tb/quantum_cases/vproc_bell_tb.v:138]
WARNING: [VRFC 10-9466] unpacked array widths (2 versus 1) do not match [/u/home/qink/Desktop/HiSEP-Q-2.0/qvproc_prj/rtl/vproc_core.sv:1009]
WARNING: [VRFC 10-9466] unpacked array widths (2 versus 1) do not match [/u/home/qink/Desktop/HiSEP-Q-2.0/qvproc_prj/rtl/vproc_core.sv:1010]
WARNING: [VRFC 10-3823] variable 'quantum_lmul' might have multiple concurrent drivers [/u/home/qink/Desktop/HiSEP-Q-2.0/qvproc_prj/rtl/vproc_unit_mux.sv:223]
Completed static elaboration
Starting simulation data flow analysis
WARNING: [XSIM 43-4100] "/u/home/qink/Desktop/HiSEP-Q-2.0/qvproc_prj/tb/quantum_cases/vproc_bell_tb.v" Line 3. Module vproc_bell_tb has a timescale but at least one module in design doesn't have timescale.
WARNING: [XSIM 43-4100] "/u/home/qink/Desktop/HiSEP-Q-2.0/qvproc_prj/tb/quantum_cases/vproc_bell_tb.v" Line 3. Module vproc_bell_tb has a timescale but at least one module in design doesn't have timescale.
WARNING: [XSIM 43-4100] "/u/home/qink/Desktop/HiSEP-Q-2.0/qvproc_prj/build/qvproc/qvproc.sim/sim_1/behav/xsim/glbl.v" Line 6. Module glbl has a timescale but at least one module in design doesn't have timescale.
WARNING: [XSIM 43-4100] "/u/home/qink/Desktop/HiSEP-Q-2.0/qvproc_prj/build/qvproc/qvproc.sim/sim_1/behav/xsim/glbl.v" Line 6. Module glbl has a timescale but at least one module in design doesn't have timescale.
WARNING: [VRFC 10-2649] an enum variable may only be assigned the same enum typed variable or one of its values [/u/home/qink/Desktop/HiSEP-Q-2.0/qvproc_prj/rtl/vproc_core.sv:559]
WARNING: [VRFC 10-2649] an enum variable may only be assigned the same enum typed variable or one of its values [/u/home/qink/Desktop/HiSEP-Q-2.0/qvproc_prj/rtl/vproc_unit_mux.sv:337]
WARNING: [VRFC 10-2649] an enum variable may only be assigned the same enum typed variable or one of its values [/u/home/qink/Desktop/HiSEP-Q-2.0/qvproc_prj/rtl/vproc_core.sv:359]
WARNING: [VRFC 10-2649] an enum variable may only be assigned the same enum typed variable or one of its values [/u/home/qink/Desktop/HiSEP-Q-2.0/qvproc_prj/rtl/vproc_core.sv:360]
WARNING: [VRFC 10-2649] an enum variable may only be assigned the same enum typed variable or one of its values [/u/home/qink/Desktop/HiSEP-Q-2.0/qvproc_prj/rtl/vproc_core.sv:361]
WARNING: [VRFC 10-2649] an enum variable may only be assigned the same enum typed variable or one of its values [/u/home/qink/Desktop/HiSEP-Q-2.0/qvproc_prj/rtl/vproc_core.sv:365]
Completed simulation data flow analysis
Time Resolution for simulation is 1ps
Compiling package xil_defaultlib.vproc_pkg
Compiling package xil_defaultlib.ibex_pkg
Compiling package xil_defaultlib.prim_ram_1p_pkg
Compiling module xil_defaultlib.vproc_xif_default
Compiling module xil_defaultlib.prim_clock_gating
Compiling module xil_defaultlib.ibex_fetch_fifo(NUM_REQS=32'b010...
Compiling module xil_defaultlib.ibex_prefetch_buffer_default
Compiling module xil_defaultlib.ibex_compressed_decoder
Compiling module xil_defaultlib.ibex_if_stage(DmHaltAddr=32'b0,D...
Compiling module xil_defaultlib.ibex_decoder(RV32E=1'b0,RV32M=RV...
Compiling module xil_defaultlib.ibex_controller(WritebackStage=1...
Compiling module xil_defaultlib.ibex_id_stage(RV32E=1'b0,RV32M=R...
Compiling module xil_defaultlib.ibex_alu(RV32B=RV32BNone_ibex_pk...
Compiling module xil_defaultlib.ibex_multdiv_fast(RV32M=RV32MFas...
Compiling module xil_defaultlib.ibex_ex_block(RV32M=RV32MFast_ib...
Compiling module xil_defaultlib.ibex_load_store_unit
Compiling module xil_defaultlib.ibex_wb_stage_default
Compiling module xil_defaultlib.ibex_csr(Width=32'b0110)
Compiling module xil_defaultlib.ibex_csr_default
Compiling module xil_defaultlib.ibex_csr(Width=32'b010010)
Compiling module xil_defaultlib.ibex_csr(Width=32'b0100000)
Compiling module xil_defaultlib.ibex_csr(Width=32'b011)
Compiling module xil_defaultlib.ibex_counter(CounterWidth=64)
Compiling module xil_defaultlib.ibex_cs_registers(DbgTriggerEn=1...
Compiling module xil_defaultlib.ibex_core(PMPGranularity=32'b0,P...
Compiling module xil_defaultlib.ibex_register_file_ff(RV32E=1'b0...
Compiling module xil_defaultlib.ibex_top(RV32M=RV32MFast_ibex_pk...
Compiling module xil_defaultlib.vproc_decoder(CFG_VL_W=32'b0111,...
Compiling module xil_defaultlib.vproc_queue(WIDTH=32'b010111100,...
Compiling module xil_defaultlib.vproc_pending_wr
Compiling module xil_defaultlib.vproc_dispatcher(PIPE_CNT=32'b01...
Compiling module xil_defaultlib.vproc_vregfile(VREG_TYPE=VREG_GE...
Compiling module xil_defaultlib.vproc_vregunpack(MAX_VPORT_W=32'...
Compiling module xil_defaultlib.vproc_queue(WIDTH=32'b0101010,DE...
Compiling module xil_defaultlib.vproc_queue(WIDTH=32'b01010,DEPT...
Compiling module xil_defaultlib.vproc_lsu(VMEM_W=32'b0100000,CTR...
Compiling module xil_defaultlib.vproc_unit_wrapper(UNIT=UNIT_LSU...
Compiling module xil_defaultlib.vproc_alu(ALU_OP_W=32'b0100000,C...
Compiling module xil_defaultlib.vproc_unit_wrapper(UNIT=UNIT_ALU...
Compiling module xil_defaultlib.vproc_elem(VREG_W=32'b010000000,...
Compiling module xil_defaultlib.vproc_unit_wrapper(UNIT=UNIT_ELE...
Compiling module xil_defaultlib.vproc_queue(WIDTH=32'b011,DEPTH=...
Compiling module xil_defaultlib.vproc_unit_mux(UNITS=5'b10011,XI...
Compiling module xil_defaultlib.vproc_vregpack(VPORT_W=32'b01000...
Compiling module xil_defaultlib.vproc_pipeline(VREG_W=32'b010000...
Compiling module xil_defaultlib.vproc_pipeline_wrapper(VREG_W=32...
Compiling module xil_defaultlib.vproc_vregunpack(MAX_VPORT_W=32'...
Compiling module xil_defaultlib.vproc_xif(X_MEM_WIDTH=32'b010000...
Compiling module xil_defaultlib.vproc_mul_block(MUL_TYPE=MUL_GEN...
Compiling module xil_defaultlib.vproc_mul(MUL_OP_W=32'b01000000,...
Compiling module xil_defaultlib.vproc_unit_wrapper(UNIT=UNIT_MUL...
Compiling module xil_defaultlib.vproc_sld(SLD_OP_W=32'b01000000,...
Compiling module xil_defaultlib.vproc_unit_wrapper(UNIT=UNIT_SLD...
Compiling module xil_defaultlib.vproc_unit_mux(UNITS=5'b01100,XI...
Compiling module xil_defaultlib.vproc_vregpack(VPORT_W=32'b01000...
Compiling module xil_defaultlib.vproc_pipeline(VREG_W=32'b010000...
Compiling module xil_defaultlib.vproc_pipeline_wrapper(VREG_W=32...
Compiling module xil_defaultlib.vproc_vreg_wr_mux(VREG_W=32'b010...
Compiling module xil_defaultlib.vproc_result(XIF_ID_W=32'b011)
Compiling module xil_defaultlib.vproc_core(XIF_ID_W=32'b011,XIF_...
Compiling module xil_defaultlib.vproc_top(MEM_W=32'b0100000,VMEM...
Compiling module xil_defaultlib.vproc_bell_tb
Compiling module xil_defaultlib.glbl
Built simulation snapshot vproc_bell_tb_behav
